******************************************************************************
                  TI ARM Linker Unix v20.2.7                   
******************************************************************************
>> Linked Fri Feb 23 14:11:52 2024

OUTPUT FILE NAME:   <BubbleSort_Blink.out>
ENTRY POINT SYMBOL: "_c_int00_noargs"  address: 000009cd


MEMORY CONFIGURATION

         name            origin    length      used     unused   attr    fill
----------------------  --------  ---------  --------  --------  ----  --------
  MAIN                  00000000   00040000  00000c2c  0003f3d4  R  X
  INFO                  00200000   00004000  00000000  00004000  R  X
  SRAM_CODE             01000000   00010000  00000228  0000fdd8  RW X
  SRAM_DATA             20000000   00010000  00000228  0000fdd8  RW  


SEGMENT ALLOCATION MAP

run origin  load origin   length   init length attrs members
----------  ----------- ---------- ----------- ----- -------
00000000    00000000    00000c30   00000c30    r-x
  00000000    00000000    000000e4   000000e4    r-- .intvecs
  000000e4    000000e4    00000980   00000980    r-x .text
  00000a64    00000a64    00000190   00000190    r-- .const
  00000bf8    00000bf8    00000038   00000038    r-- .cinit
20000000    20000000    00000028   00000000    rw-
  20000000    20000000    0000001c   00000000    rw- .data
  2000001c    2000001c    0000000c   00000000    rw- .bss
2000fe00    2000fe00    00000200   00000000    rw-
  2000fe00    2000fe00    00000200   00000000    rw- .stack


SECTION ALLOCATION MAP

 output                                  attributes/
section   page    origin      length       input sections
--------  ----  ----------  ----------   ----------------
.intvecs   0    00000000    000000e4     
                  00000000    000000e4     startup_msp432p401r_ccs.obj (.intvecs:retain)

.text      0    000000e4    00000980     
                  000000e4    00000334     system_msp432p401r.obj (.text)
                  00000418    000001e0     Clock.obj (.text)
                  000005f8    00000128     BubbleSort_Blink.obj (.text)
                  00000720    000000f8     LaunchPad.obj (.text)
                  00000818    0000009c     rtsv7M4_T_le_v4SPD16_eabi.lib : memcpy_t2.asm.obj (.text)
                  000008b4    0000006c     SysTick.obj (.text)
                  00000920    00000068     rtsv7M4_T_le_v4SPD16_eabi.lib : copy_decompress_lzss.c.obj (.text:decompress:lzss:__TI_decompress_lzss)
                  00000988    00000044                                   : autoinit.c.obj (.text:__TI_auto_init_nobinit_nopinit:__TI_auto_init_nobinit_nopinit)
                  000009cc    00000034                                   : boot_cortex_m.c.obj (.text:_c_int00_noargs:_c_int00_noargs)
                  00000a00    00000024     CortexM.obj (.text)
                  00000a24    0000001c     rtsv7M4_T_le_v4SPD16_eabi.lib : copy_zero_init.c.obj (.text:decompress:ZI:__TI_zero_init_nomemset:__TI_zero_init_nomemset)
                  00000a40    0000000e                                   : copy_decompress_none.c.obj (.text:decompress:none:__TI_decompress_none)
                  00000a4e    0000000e     startup_msp432p401r_ccs.obj (.text)
                  00000a5c    00000004     rtsv7M4_T_le_v4SPD16_eabi.lib : pre_init.c.obj (.text:_system_pre_init)
                  00000a60    00000004                                   : exit.c.obj (.text:abort:abort)

.const     0    00000a64    00000190     
                  00000a64    00000190     BubbleSort_Blink.obj (.const:$P$T0$1)

.cinit     0    00000bf8    00000038     
                  00000bf8    0000000d     (.cinit..data.load) [load image, compression = lzss]
                  00000c05    00000003     --HOLE-- [fill = 0]
                  00000c08    0000000c     (__TI_handler_table)
                  00000c14    00000004     --HOLE-- [fill = 0]
                  00000c18    00000008     (.cinit..bss.load) [load image, compression = zero_init]
                  00000c20    00000010     (__TI_cinit_table)

.init_array 
*          0    00000000    00000000     UNINITIALIZED

.binit     0    00000000    00000000     

.data      0    20000000    0000001c     UNINITIALIZED
                  20000000    00000018     Clock.obj (.data)
                  20000018    00000004     system_msp432p401r.obj (.data)

.bss       0    2000001c    0000000c     UNINITIALIZED
                  2000001c    00000004     (.common:Time)
                  20000020    00000004     (.common:TimeRed)
                  20000024    00000004     (.common:switchInput)

.stack     0    2000fe00    00000200     UNINITIALIZED
                  2000fe00    00000004     rtsv7M4_T_le_v4SPD16_eabi.lib : boot_cortex_m.c.obj (.stack)
                  2000fe04    000001fc     --HOLE--

__llvm_prf_cnts 
*          0    20000000    00000000     UNINITIALIZED

MODULE SUMMARY

       Module                        code   ro data   rw data
       ------                        ----   -------   -------
    ./
       system_msp432p401r.obj        820    0         8      
       BubbleSort_Blink.obj          296    400       24     
       Clock.obj                     480    0         48     
       LaunchPad.obj                 248    0         0      
       startup_msp432p401r_ccs.obj   14     228       0      
       SysTick.obj                   108    0         0      
       CortexM.obj                   36     0         0      
    +--+-----------------------------+------+---------+---------+
       Total:                        2002   628       80     
                                                             
    /Applications/ti/ccs1250/ccs/tools/compiler/ti-cgt-arm_20.2.7.LTS/lib/rtsv7M4_T_le_v4SPD16_eabi.lib
       memcpy_t2.asm.obj             156    0         0      
       copy_decompress_lzss.c.obj    104    0         0      
       autoinit.c.obj                68     0         0      
       boot_cortex_m.c.obj           52     0         0      
       copy_zero_init.c.obj          28     0         0      
       copy_decompress_none.c.obj    14     0         0      
       exit.c.obj                    4      0         0      
       pre_init.c.obj                4      0         0      
    +--+-----------------------------+------+---------+---------+
       Total:                        430    0         0      
                                                             
       Stack:                        0      0         1024   
       Linker Generated:             0      49        0      
    +--+-----------------------------+------+---------+---------+
       Grand Total:                  2432   677       1104   


LINKER GENERATED COPY TABLES

__TI_cinit_table @ 00000c20 records: 2, size/record: 8, table size: 16
	.data: load addr=00000bf8, load size=0000000d bytes, run addr=20000000, run size=0000001c bytes, compression=lzss
	.bss: load addr=00000c18, load size=00000008 bytes, run addr=2000001c, run size=0000000c bytes, compression=zero_init


LINKER GENERATED HANDLER TABLE

__TI_handler_table @ 00000c08 records: 3, size/record: 4, table size: 12
	index: 0, handler: __TI_decompress_lzss
	index: 1, handler: __TI_decompress_none
	index: 2, handler: __TI_zero_init


GLOBAL SYMBOLS: SORTED ALPHABETICALLY BY Name 

address   name                          
-------   ----                          
00000a5b  ADC14_IRQHandler              
00000a5b  AES256_IRQHandler             
00000a5b  BusFault_Handler              
00000a61  C$$EXIT                       
00000a5b  COMP_E0_IRQHandler            
00000a5b  COMP_E1_IRQHandler            
20000008  CPMwait                       
00000a5b  CS_IRQHandler                 
20000000  ClockFrequency                
0000056d  Clock_Delay1ms                
00000543  Clock_Delay1us                
0000052f  Clock_GetFreq                 
00000419  Clock_Init48MHz               
20000014  Crystalstable                 
00000a5b  DMA_ERR_IRQHandler            
00000a5b  DMA_INT0_IRQHandler           
00000a5b  DMA_INT1_IRQHandler           
00000a5b  DMA_INT2_IRQHandler           
00000a5b  DMA_INT3_IRQHandler           
00000a5b  DebugMon_Handler              
00000a5b  Default_Handler               
00000a01  DisableInterrupts             
00000a5b  EUSCIA0_IRQHandler            
00000a5b  EUSCIA1_IRQHandler            
00000a5b  EUSCIA2_IRQHandler            
00000a5b  EUSCIA3_IRQHandler            
00000a5b  EUSCIB0_IRQHandler            
00000a5b  EUSCIB1_IRQHandler            
00000a5b  EUSCIB2_IRQHandler            
00000a5b  EUSCIB3_IRQHandler            
00000a07  EnableInterrupts              
00000a17  EndCritical                   
00000a5b  FLCTL_IRQHandler              
00000a5b  FPU_IRQHandler                
00000a5b  HardFault_Handler             
20000010  IFlags                        
00000721  LaunchPad_Init                
00000791  LaunchPad_Input               
000007af  LaunchPad_LED                 
000007cd  LaunchPad_Output              
00000a5b  MemManage_Handler             
00000a5b  NMI_Handler                   
00000a5b  PCM_IRQHandler                
00000a5b  PORT1_IRQHandler              
00000a5b  PORT2_IRQHandler              
00000a5b  PORT3_IRQHandler              
00000a5b  PORT4_IRQHandler              
00000a5b  PORT5_IRQHandler              
00000a5b  PORT6_IRQHandler              
00000a5b  PSS_IRQHandler                
00000a5b  PendSV_Handler                
000005f9  Port1_Input                   
2000000c  Postwait                      
20000004  Prewait                       
00000a5b  RTC_C_IRQHandler              
00000a4f  Reset_Handler                 
00000a5b  SVC_Handler                   
00000a0d  StartCritical                 
00000603  SysTick_Handler               
00000603  SysTick_Handler               
000008b5  SysTick_Init                  
000008c5  SysTick_Wait                  
000008eb  SysTick_Wait10ms              
20000018  SystemCoreClock               
000000e5  SystemCoreClockUpdate         
0000035d  SystemInit                    
00000a5b  T32_INT1_IRQHandler           
00000a5b  T32_INT2_IRQHandler           
00000a5b  T32_INTC_IRQHandler           
00000a5b  TA0_0_IRQHandler              
00000a5b  TA0_N_IRQHandler              
00000a5b  TA1_0_IRQHandler              
00000a5b  TA1_N_IRQHandler              
00000a5b  TA2_0_IRQHandler              
00000a5b  TA2_N_IRQHandler              
00000a5b  TA3_0_IRQHandler              
00000a5b  TA3_N_IRQHandler              
2000001c  Time                          
20000020  TimeRed                       
00000a5b  UsageFault_Handler            
4000480c  WDTCTL_SYM                    
00000a5b  WDT_A_IRQHandler              
00000a1f  WaitForInterrupt              
20010000  __STACK_END                   
00000200  __STACK_SIZE                  
00000c20  __TI_CINIT_Base               
00000c30  __TI_CINIT_Limit              
00000c08  __TI_Handler_Table_Base       
00000c14  __TI_Handler_Table_Limit      
00000989  __TI_auto_init_nobinit_nopinit
00000921  __TI_decompress_lzss          
00000a41  __TI_decompress_none          
ffffffff  __TI_pprof_out_hndl           
ffffffff  __TI_prof_data_size           
ffffffff  __TI_prof_data_start          
00000000  __TI_static_base__            
00000a25  __TI_zero_init_nomemset       
00000819  __aeabi_memcpy                
00000819  __aeabi_memcpy4               
00000819  __aeabi_memcpy8               
ffffffff  __binit__                     
ffffffff  __c_args__                    
UNDEFED   __mpu_init                    
2000fe00  __stack                       
20000000  __start___llvm_prf_cnts       
20000000  __stop___llvm_prf_cnts        
000009cd  _c_int00_noargs               
UNDEFED   _system_post_cinit            
00000a5d  _system_pre_init              
00000a61  abort                         
ffffffff  binit                         
00000535  delay                         
00000000  interruptVectors              
00000661  main                          
00000819  memcpy                        
20000024  switchInput                   


GLOBAL SYMBOLS: SORTED BY Symbol Address 

address   name                          
-------   ----                          
00000000  __TI_static_base__            
00000000  interruptVectors              
000000e5  SystemCoreClockUpdate         
00000200  __STACK_SIZE                  
0000035d  SystemInit                    
00000419  Clock_Init48MHz               
0000052f  Clock_GetFreq                 
00000535  delay                         
00000543  Clock_Delay1us                
0000056d  Clock_Delay1ms                
000005f9  Port1_Input                   
00000603  SysTick_Handler               
00000603  SysTick_Handler               
00000661  main                          
00000721  LaunchPad_Init                
00000791  LaunchPad_Input               
000007af  LaunchPad_LED                 
000007cd  LaunchPad_Output              
00000819  __aeabi_memcpy                
00000819  __aeabi_memcpy4               
00000819  __aeabi_memcpy8               
00000819  memcpy                        
000008b5  SysTick_Init                  
000008c5  SysTick_Wait                  
000008eb  SysTick_Wait10ms              
00000921  __TI_decompress_lzss          
00000989  __TI_auto_init_nobinit_nopinit
000009cd  _c_int00_noargs               
00000a01  DisableInterrupts             
00000a07  EnableInterrupts              
00000a0d  StartCritical                 
00000a17  EndCritical                   
00000a1f  WaitForInterrupt              
00000a25  __TI_zero_init_nomemset       
00000a41  __TI_decompress_none          
00000a4f  Reset_Handler                 
00000a5b  ADC14_IRQHandler              
00000a5b  AES256_IRQHandler             
00000a5b  BusFault_Handler              
00000a5b  COMP_E0_IRQHandler            
00000a5b  COMP_E1_IRQHandler            
00000a5b  CS_IRQHandler                 
00000a5b  DMA_ERR_IRQHandler            
00000a5b  DMA_INT0_IRQHandler           
00000a5b  DMA_INT1_IRQHandler           
00000a5b  DMA_INT2_IRQHandler           
00000a5b  DMA_INT3_IRQHandler           
00000a5b  DebugMon_Handler              
00000a5b  Default_Handler               
00000a5b  EUSCIA0_IRQHandler            
00000a5b  EUSCIA1_IRQHandler            
00000a5b  EUSCIA2_IRQHandler            
00000a5b  EUSCIA3_IRQHandler            
00000a5b  EUSCIB0_IRQHandler            
00000a5b  EUSCIB1_IRQHandler            
00000a5b  EUSCIB2_IRQHandler            
00000a5b  EUSCIB3_IRQHandler            
00000a5b  FLCTL_IRQHandler              
00000a5b  FPU_IRQHandler                
00000a5b  HardFault_Handler             
00000a5b  MemManage_Handler             
00000a5b  NMI_Handler                   
00000a5b  PCM_IRQHandler                
00000a5b  PORT1_IRQHandler              
00000a5b  PORT2_IRQHandler              
00000a5b  PORT3_IRQHandler              
00000a5b  PORT4_IRQHandler              
00000a5b  PORT5_IRQHandler              
00000a5b  PORT6_IRQHandler              
00000a5b  PSS_IRQHandler                
00000a5b  PendSV_Handler                
00000a5b  RTC_C_IRQHandler              
00000a5b  SVC_Handler                   
00000a5b  T32_INT1_IRQHandler           
00000a5b  T32_INT2_IRQHandler           
00000a5b  T32_INTC_IRQHandler           
00000a5b  TA0_0_IRQHandler              
00000a5b  TA0_N_IRQHandler              
00000a5b  TA1_0_IRQHandler              
00000a5b  TA1_N_IRQHandler              
00000a5b  TA2_0_IRQHandler              
00000a5b  TA2_N_IRQHandler              
00000a5b  TA3_0_IRQHandler              
00000a5b  TA3_N_IRQHandler              
00000a5b  UsageFault_Handler            
00000a5b  WDT_A_IRQHandler              
00000a5d  _system_pre_init              
00000a61  C$$EXIT                       
00000a61  abort                         
00000c08  __TI_Handler_Table_Base       
00000c14  __TI_Handler_Table_Limit      
00000c20  __TI_CINIT_Base               
00000c30  __TI_CINIT_Limit              
20000000  ClockFrequency                
20000000  __start___llvm_prf_cnts       
20000000  __stop___llvm_prf_cnts        
20000004  Prewait                       
20000008  CPMwait                       
2000000c  Postwait                      
20000010  IFlags                        
20000014  Crystalstable                 
20000018  SystemCoreClock               
2000001c  Time                          
20000020  TimeRed                       
20000024  switchInput                   
2000fe00  __stack                       
20010000  __STACK_END                   
4000480c  WDTCTL_SYM                    
ffffffff  __TI_pprof_out_hndl           
ffffffff  __TI_prof_data_size           
ffffffff  __TI_prof_data_start          
ffffffff  __binit__                     
ffffffff  __c_args__                    
ffffffff  binit                         
UNDEFED   __mpu_init                    
UNDEFED   _system_post_cinit            

[116 symbols]
