******************************************************************************
                  TI ARM Linker Unix v20.2.7                   
******************************************************************************
>> Linked Fri Apr  5 14:29:23 2024

OUTPUT FILE NAME:   <part5.out>
ENTRY POINT SYMBOL: "_c_int00_noargs"  address: 00000709


MEMORY CONFIGURATION

         name            origin    length      used     unused   attr    fill
----------------------  --------  ---------  --------  --------  ----  --------
  MAIN                  00000000   00040000  000007ac  0003f854  R  X
  INFO                  00200000   00004000  00000000  00004000  R  X
  SRAM_CODE             01000000   00010000  00000228  0000fdd8  RW X
  SRAM_DATA             20000000   00010000  00000228  0000fdd8  RW  


SEGMENT ALLOCATION MAP

run origin  load origin   length   init length attrs members
----------  ----------- ---------- ----------- ----- -------
00000000    00000000    000007b0   000007b0    r-x
  00000000    00000000    000000e4   000000e4    r-- .intvecs
  000000e4    000000e4    00000698   00000698    r-x .text
  00000780    00000780    00000030   00000030    r-- .cinit
20000000    20000000    00000028   00000000    rw-
  20000000    20000000    00000024   00000000    rw- .bss
  20000024    20000024    00000004   00000000    rw- .data
2000fe00    2000fe00    00000200   00000000    rw-
  2000fe00    2000fe00    00000200   00000000    rw- .stack


SECTION ALLOCATION MAP

 output                                  attributes/
section   page    origin      length       input sections
--------  ----  ----------  ----------   ----------------
.intvecs   0    00000000    000000e4     
                  00000000    000000e4     startup_msp432p401r_ccs.obj (.intvecs:retain)

.text      0    000000e4    00000698     
                  000000e4    00000334     system_msp432p401r.obj (.text)
                  00000418    000001a8     OPT3101_Simple.obj (.text)
                  000005c0    0000009c     rtsv7M4_T_le_v4SPD16_eabi.lib : memcpy_t2.asm.obj (.text)
                  0000065c    00000068                                   : copy_decompress_lzss.c.obj (.text:decompress:lzss:__TI_decompress_lzss)
                  000006c4    00000044                                   : autoinit.c.obj (.text:__TI_auto_init_nobinit_nopinit:__TI_auto_init_nobinit_nopinit)
                  00000708    00000034                                   : boot_cortex_m.c.obj (.text:_c_int00_noargs:_c_int00_noargs)
                  0000073c    0000001c                                   : copy_zero_init.c.obj (.text:decompress:ZI:__TI_zero_init_nomemset:__TI_zero_init_nomemset)
                  00000758    0000000e                                   : copy_decompress_none.c.obj (.text:decompress:none:__TI_decompress_none)
                  00000766    0000000e     startup_msp432p401r_ccs.obj (.text)
                  00000774    00000004     rtsv7M4_T_le_v4SPD16_eabi.lib : pre_init.c.obj (.text:_system_pre_init)
                  00000778    00000004                                   : exit.c.obj (.text:abort:abort)

.cinit     0    00000780    00000030     
                  00000780    0000000c     (__TI_handler_table)
                  0000078c    00000004     --HOLE-- [fill = 0]
                  00000790    00000008     (.cinit..bss.load) [load image, compression = zero_init]
                  00000798    00000008     (.cinit..data.load) [load image, compression = lzss]
                  000007a0    00000010     (__TI_cinit_table)

.init_array 
*          0    00000000    00000000     UNINITIALIZED

.binit     0    00000000    00000000     

.bss       0    20000000    00000024     UNINITIALIZED
                  20000000    0000000c     (.common:Amplitudes)
                  2000000c    0000000c     (.common:Distances)
                  20000018    00000004     (.common:StartTime)
                  2000001c    00000004     (.common:TimeToConvert)
                  20000020    00000004     (.common:TxChannel)

.data      0    20000024    00000004     UNINITIALIZED
                  20000024    00000004     system_msp432p401r.obj (.data)

.stack     0    2000fe00    00000200     UNINITIALIZED
                  2000fe00    00000004     rtsv7M4_T_le_v4SPD16_eabi.lib : boot_cortex_m.c.obj (.stack)
                  2000fe04    000001fc     --HOLE--

__llvm_prf_cnts 
*          0    20000000    00000000     UNINITIALIZED

MODULE SUMMARY

       Module                        code   ro data   rw data
       ------                        ----   -------   -------
    ./
       system_msp432p401r.obj        820    0         8      
       OPT3101_Simple.obj            424    0         72     
       startup_msp432p401r_ccs.obj   14     228       0      
    +--+-----------------------------+------+---------+---------+
       Total:                        1258   228       80     
                                                             
    /Applications/ti/ccs1250/ccs/tools/compiler/ti-cgt-arm_20.2.7.LTS/lib/rtsv7M4_T_le_v4SPD16_eabi.lib
       memcpy_t2.asm.obj             156    0         0      
       copy_decompress_lzss.c.obj    104    0         0      
       autoinit.c.obj                68     0         0      
       boot_cortex_m.c.obj           52     0         0      
       copy_zero_init.c.obj          28     0         0      
       copy_decompress_none.c.obj    14     0         0      
       exit.c.obj                    4      0         0      
       pre_init.c.obj                4      0         0      
    +--+-----------------------------+------+---------+---------+
       Total:                        430    0         0      
                                                             
       Stack:                        0      0         1024   
       Linker Generated:             0      44        0      
    +--+-----------------------------+------+---------+---------+
       Grand Total:                  1688   272       1104   


LINKER GENERATED COPY TABLES

__TI_cinit_table @ 000007a0 records: 2, size/record: 8, table size: 16
	.bss: load addr=00000790, load size=00000008 bytes, run addr=20000000, run size=00000024 bytes, compression=zero_init
	.data: load addr=00000798, load size=00000008 bytes, run addr=20000024, run size=00000004 bytes, compression=lzss


LINKER GENERATED HANDLER TABLE

__TI_handler_table @ 00000780 records: 3, size/record: 4, table size: 12
	index: 0, handler: __TI_decompress_lzss
	index: 1, handler: __TI_decompress_none
	index: 2, handler: __TI_zero_init


GLOBAL SYMBOLS: SORTED ALPHABETICALLY BY Name 

address   name                              
-------   ----                              
00000773  ADC14_IRQHandler                  
00000773  AES256_IRQHandler                 
20000000  Amplitudes                        
00000773  BusFault_Handler                  
00000779  C$$EXIT                           
00000773  COMP_E0_IRQHandler                
00000773  COMP_E1_IRQHandler                
00000773  CS_IRQHandler                     
UNDEFED   Clock_Init48MHz                   
00000773  DMA_ERR_IRQHandler                
00000773  DMA_INT0_IRQHandler               
00000773  DMA_INT1_IRQHandler               
00000773  DMA_INT2_IRQHandler               
00000773  DMA_INT3_IRQHandler               
00000773  DebugMon_Handler                  
00000773  Default_Handler                   
2000000c  Distances                         
00000773  EUSCIA0_IRQHandler                
00000773  EUSCIA1_IRQHandler                
00000773  EUSCIA2_IRQHandler                
00000773  EUSCIA3_IRQHandler                
00000773  EUSCIB0_IRQHandler                
00000773  EUSCIB1_IRQHandler                
00000773  EUSCIB2_IRQHandler                
00000773  EUSCIB3_IRQHandler                
00000773  FLCTL_IRQHandler                  
00000773  FPU_IRQHandler                    
00000773  HardFault_Handler                 
UNDEFED   I2CB1_Init                        
00000773  MemManage_Handler                 
00000773  NMI_Handler                       
UNDEFED   OPT3101_CalibrateInternalCrosstalk
UNDEFED   OPT3101_CheckDistanceSensor       
UNDEFED   OPT3101_GetMeasurement            
UNDEFED   OPT3101_Init                      
UNDEFED   OPT3101_Setup                     
UNDEFED   OPT3101_StartMeasurementChannel   
00000773  PCM_IRQHandler                    
00000773  PORT1_IRQHandler                  
00000773  PORT2_IRQHandler                  
00000773  PORT3_IRQHandler                  
00000773  PORT4_IRQHandler                  
00000773  PORT5_IRQHandler                  
00000773  PORT6_IRQHandler                  
00000773  PSS_IRQHandler                    
00000773  PendSV_Handler                    
00000773  RTC_C_IRQHandler                  
00000767  Reset_Handler                     
00000773  SVC_Handler                       
20000018  StartTime                         
00000773  SysTick_Handler                   
20000024  SystemCoreClock                   
000000e5  SystemCoreClockUpdate             
0000035d  SystemInit                        
00000773  T32_INT1_IRQHandler               
00000773  T32_INT2_IRQHandler               
00000773  T32_INTC_IRQHandler               
00000773  TA0_0_IRQHandler                  
00000773  TA0_N_IRQHandler                  
00000773  TA1_0_IRQHandler                  
00000773  TA1_N_IRQHandler                  
00000773  TA2_0_IRQHandler                  
00000773  TA2_N_IRQHandler                  
00000773  TA3_0_IRQHandler                  
00000773  TA3_N_IRQHandler                  
2000001c  TimeToConvert                     
20000020  TxChannel                         
UNDEFED   UART0_Init                        
UNDEFED   UART0_OutString                   
UNDEFED   UART0_OutUDec                     
0000044b  UartClear                         
00000419  UartSetCur                        
00000773  UsageFault_Handler                
4000480c  WDTCTL_SYM                        
00000773  WDT_A_IRQHandler                  
20010000  __STACK_END                       
00000200  __STACK_SIZE                      
000007a0  __TI_CINIT_Base                   
000007b0  __TI_CINIT_Limit                  
00000780  __TI_Handler_Table_Base           
0000078c  __TI_Handler_Table_Limit          
000006c5  __TI_auto_init_nobinit_nopinit    
0000065d  __TI_decompress_lzss              
00000759  __TI_decompress_none              
ffffffff  __TI_pprof_out_hndl               
ffffffff  __TI_prof_data_size               
ffffffff  __TI_prof_data_start              
00000000  __TI_static_base__                
0000073d  __TI_zero_init_nomemset           
000005c1  __aeabi_memcpy                    
000005c1  __aeabi_memcpy4                   
000005c1  __aeabi_memcpy8                   
ffffffff  __binit__                         
ffffffff  __c_args__                        
UNDEFED   __mpu_init                        
2000fe00  __stack                           
20000000  __start___llvm_prf_cnts           
20000000  __stop___llvm_prf_cnts            
00000709  _c_int00_noargs                   
UNDEFED   _system_post_cinit                
00000775  _system_pre_init                  
00000779  abort                             
ffffffff  binit                             
00000000  interruptVectors                  
00000471  main                              
000005c1  memcpy                            
00000455  pollDistanceSensor                


GLOBAL SYMBOLS: SORTED BY Symbol Address 

address   name                              
-------   ----                              
00000000  __TI_static_base__                
00000000  interruptVectors                  
000000e5  SystemCoreClockUpdate             
00000200  __STACK_SIZE                      
0000035d  SystemInit                        
00000419  UartSetCur                        
0000044b  UartClear                         
00000455  pollDistanceSensor                
00000471  main                              
000005c1  __aeabi_memcpy                    
000005c1  __aeabi_memcpy4                   
000005c1  __aeabi_memcpy8                   
000005c1  memcpy                            
0000065d  __TI_decompress_lzss              
000006c5  __TI_auto_init_nobinit_nopinit    
00000709  _c_int00_noargs                   
0000073d  __TI_zero_init_nomemset           
00000759  __TI_decompress_none              
00000767  Reset_Handler                     
00000773  ADC14_IRQHandler                  
00000773  AES256_IRQHandler                 
00000773  BusFault_Handler                  
00000773  COMP_E0_IRQHandler                
00000773  COMP_E1_IRQHandler                
00000773  CS_IRQHandler                     
00000773  DMA_ERR_IRQHandler                
00000773  DMA_INT0_IRQHandler               
00000773  DMA_INT1_IRQHandler               
00000773  DMA_INT2_IRQHandler               
00000773  DMA_INT3_IRQHandler               
00000773  DebugMon_Handler                  
00000773  Default_Handler                   
00000773  EUSCIA0_IRQHandler                
00000773  EUSCIA1_IRQHandler                
00000773  EUSCIA2_IRQHandler                
00000773  EUSCIA3_IRQHandler                
00000773  EUSCIB0_IRQHandler                
00000773  EUSCIB1_IRQHandler                
00000773  EUSCIB2_IRQHandler                
00000773  EUSCIB3_IRQHandler                
00000773  FLCTL_IRQHandler                  
00000773  FPU_IRQHandler                    
00000773  HardFault_Handler                 
00000773  MemManage_Handler                 
00000773  NMI_Handler                       
00000773  PCM_IRQHandler                    
00000773  PORT1_IRQHandler                  
00000773  PORT2_IRQHandler                  
00000773  PORT3_IRQHandler                  
00000773  PORT4_IRQHandler                  
00000773  PORT5_IRQHandler                  
00000773  PORT6_IRQHandler                  
00000773  PSS_IRQHandler                    
00000773  PendSV_Handler                    
00000773  RTC_C_IRQHandler                  
00000773  SVC_Handler                       
00000773  SysTick_Handler                   
00000773  T32_INT1_IRQHandler               
00000773  T32_INT2_IRQHandler               
00000773  T32_INTC_IRQHandler               
00000773  TA0_0_IRQHandler                  
00000773  TA0_N_IRQHandler                  
00000773  TA1_0_IRQHandler                  
00000773  TA1_N_IRQHandler                  
00000773  TA2_0_IRQHandler                  
00000773  TA2_N_IRQHandler                  
00000773  TA3_0_IRQHandler                  
00000773  TA3_N_IRQHandler                  
00000773  UsageFault_Handler                
00000773  WDT_A_IRQHandler                  
00000775  _system_pre_init                  
00000779  C$$EXIT                           
00000779  abort                             
00000780  __TI_Handler_Table_Base           
0000078c  __TI_Handler_Table_Limit          
000007a0  __TI_CINIT_Base                   
000007b0  __TI_CINIT_Limit                  
20000000  Amplitudes                        
20000000  __start___llvm_prf_cnts           
20000000  __stop___llvm_prf_cnts            
2000000c  Distances                         
20000018  StartTime                         
2000001c  TimeToConvert                     
20000020  TxChannel                         
20000024  SystemCoreClock                   
2000fe00  __stack                           
20010000  __STACK_END                       
4000480c  WDTCTL_SYM                        
ffffffff  __TI_pprof_out_hndl               
ffffffff  __TI_prof_data_size               
ffffffff  __TI_prof_data_start              
ffffffff  __binit__                         
ffffffff  __c_args__                        
ffffffff  binit                             
UNDEFED   Clock_Init48MHz                   
UNDEFED   I2CB1_Init                        
UNDEFED   OPT3101_CalibrateInternalCrosstalk
UNDEFED   OPT3101_CheckDistanceSensor       
UNDEFED   OPT3101_GetMeasurement            
UNDEFED   OPT3101_Init                      
UNDEFED   OPT3101_Setup                     
UNDEFED   OPT3101_StartMeasurementChannel   
UNDEFED   UART0_Init                        
UNDEFED   UART0_OutString                   
UNDEFED   UART0_OutUDec                     
UNDEFED   __mpu_init                        
UNDEFED   _system_post_cinit                

[107 symbols]
